PHPUnit 11.5.46 by Sebastian Bergmann and contributors.

Runtime:       PHP 8.4.16

.FR                                                                 3 / 3 (100%)

Time: 00:00.018, Memory: 8.00 MB

There was 1 failure:

1) CmsForNerd\Tests\StandardsTest::testIndentationIsFourSpaces
File CmsContext.php line 7 MUST use a multiple of 4 spaces (found 1).
Failed asserting that 1 matches expected 0.

D:\Users\LinuxMalaysia\CMSForNerd-Project\CmsForNerd\tests\StandardsTest.php:57

--

There was 1 risky test:

1) CmsForNerd\Tests\StandardsTest::testBracePlacement
This test did not perform any assertions

D:\Users\LinuxMalaysia\CMSForNerd-Project\CmsForNerd\tests\StandardsTest.php:70

FAILURES!
Tests: 3, Assertions: 16, Failures: 1, Risky: 1.
